--------------------------------------------------------------------------------------
Timing Analyzer Summary
--------------------------------------------------------------------------------------

Type           : Worst-case tsu
Slack          : N/A
Required Time  : None
Actual Time    : 1.700 ns
From           : dx[5]
To             : reg_8_bit:inst|q[5]
From Clock     : --
To Clock       : ax[0]
Failed Paths   : 0

Type           : Worst-case tco
Slack          : N/A
Required Time  : None
Actual Time    : 28.100 ns
From           : reg_8_bit:inst1|q[0]
To             : x[0]
From Clock     : c
To Clock       : --
Failed Paths   : 0

Type           : Worst-case tpd
Slack          : N/A
Required Time  : None
Actual Time    : 19.000 ns
From           : ax[2]
To             : x[3]
From Clock     : --
To Clock       : --
Failed Paths   : 0

Type           : Worst-case th
Slack          : N/A
Required Time  : None
Actual Time    : 7.400 ns
From           : dx[5]
To             : reg_8_bit:inst5|q[5]
From Clock     : --
To Clock       : c
Failed Paths   : 0

Type           : Total number of failed paths
Slack          : 
Required Time  : 
Actual Time    : 
From           : 
To             : 
From Clock     : 
To Clock       : 
Failed Paths   : 0

--------------------------------------------------------------------------------------

