Fitter report for reg_8_bit
Sun Oct 20 23:57:20 2019
Quartus II Version 8.1 Build 163 10/28/2008 SJ Web Edition


---------------------
; Table of Contents ;
---------------------
  1. Legal Notice
  2. Fitter Summary
  3. Fitter Settings
  4. Fitter Device Options
  5. Input Pins
  6. Output Pins
  7. All Package Pins
  8. Control Signals
  9. Global & Other Fast Signals
 10. Non-Global High Fan-Out Signals
 11. LAB
 12. LAB External Interconnect
 13. Row Interconnect
 14. LAB Column Interconnect
 15. LAB Column Interconnect
 16. Fitter Resource Usage Summary
 17. Fitter Resource Utilization by Entity
 18. Delay Chain Summary
 19. Pin-Out File
 20. Fitter Messages



----------------
; Legal Notice ;
----------------
Copyright (C) 1991-2008 Altera Corporation
Your use of Altera Corporation's design tools, logic functions 
and other software and tools, and its AMPP partner logic 
functions, and any output files from any of the foregoing 
(including device programming or simulation files), and any 
associated documentation or information are expressly subject 
to the terms and conditions of the Altera Program License 
Subscription Agreement, Altera MegaCore Function License 
Agreement, or other applicable license agreement, including, 
without limitation, that your use is for the sole purpose of 
programming logic devices manufactured by Altera and sold by 
Altera or its authorized distributors.  Please refer to the 
applicable agreement for further details.



+-----------------------------------------------------------------+
; Fitter Summary                                                  ;
+-----------------------+-----------------------------------------+
; Fitter Status         ; Successful - Sun Oct 20 23:57:20 2019   ;
; Quartus II Version    ; 8.1 Build 163 10/28/2008 SJ Web Edition ;
; Revision Name         ; reg_8_bit                               ;
; Top-level Entity Name ; reg_8_bit                               ;
; Family                ; FLEX10K                                 ;
; Device                ; EPF10K10LC84-3                          ;
; Timing Models         ; Final                                   ;
; Total logic elements  ; 8 / 576 ( 1 % )                         ;
; Total pins            ; 17 / 59 ( 29 % )                        ;
; Total memory bits     ; 0 / 6,144 ( 0 % )                       ;
+-----------------------+-----------------------------------------+


+------------------------------------------------------------------------------------------------------+
; Fitter Settings                                                                                      ;
+------------------------------------------------------------+--------------------+--------------------+
; Option                                                     ; Setting            ; Default Value      ;
+------------------------------------------------------------+--------------------+--------------------+
; Device                                                     ; AUTO               ;                    ;
; Use smart compilation                                      ; Off                ; Off                ;
; Use TimeQuest Timing Analyzer                              ; Off                ; Off                ;
; Router Timing Optimization Level                           ; Normal             ; Normal             ;
; Placement Effort Multiplier                                ; 1.0                ; 1.0                ;
; Router Effort Multiplier                                   ; 1.0                ; 1.0                ;
; Optimize Timing                                            ; Normal compilation ; Normal compilation ;
; Optimize Timing for ECOs                                   ; Off                ; Off                ;
; Regenerate full fit report during ECO compiles             ; Off                ; Off                ;
; Optimize IOC Register Placement for Timing                 ; On                 ; On                 ;
; Limit to One Fitting Attempt                               ; Off                ; Off                ;
; Final Placement Optimizations                              ; Automatically      ; Automatically      ;
; Fitter Aggressive Routability Optimizations                ; Automatically      ; Automatically      ;
; Fitter Initial Placement Seed                              ; 1                  ; 1                  ;
; Slow Slew Rate                                             ; Off                ; Off                ;
; Auto Global Memory Control Signals                         ; Off                ; Off                ;
; Logic Cell Insertion - Individual Logic Cells              ; On                 ; On                 ;
; Logic Cell Insertion - I/Os Fed By Carry or Cascade Chains ; On                 ; On                 ;
; Fitter Effort                                              ; Auto Fit           ; Auto Fit           ;
; Auto Global Clock                                          ; On                 ; On                 ;
; Auto Global Output Enable                                  ; On                 ; On                 ;
; Auto Global Register Control Signals                       ; On                 ; On                 ;
+------------------------------------------------------------+--------------------+--------------------+


+-------------------------------------------------------------------------+
; Fitter Device Options                                                   ;
+----------------------------------------------+--------------------------+
; Option                                       ; Setting                  ;
+----------------------------------------------+--------------------------+
; Enable user-supplied start-up clock (CLKUSR) ; Off                      ;
; Enable device-wide reset (DEV_CLRn)          ; Off                      ;
; Enable device-wide output enable (DEV_OE)    ; Off                      ;
; Enable INIT_DONE output                      ; Off                      ;
; Configuration scheme                         ; Passive Serial           ;
; nWS, nRS, nCS, CS                            ; Unreserved               ;
; RDYnBUSY                                     ; Unreserved               ;
; Data[7..1]                                   ; Unreserved               ;
; Reserve all unused pins                      ; As output driving ground ;
; Base pin-out file on sameframe device        ; Off                      ;
+----------------------------------------------+--------------------------+


+--------------------------------------------------------------------------------------------------------------------------------------+
; Input Pins                                                                                                                           ;
+------+-------+-----+------+---------+--------+--------------+-------------------------+---------------+---------------+--------------+
; Name ; Pin # ; Row ; Col. ; Fan-Out ; Global ; I/O Register ; Use Local Routing Input ; Power Up High ; Single-Pin CE ; I/O Standard ;
+------+-------+-----+------+---------+--------+--------------+-------------------------+---------------+---------------+--------------+
; d[0] ; 84    ; --  ; --   ; 1       ; no     ; no           ; no                      ; no            ; no            ; TTL          ;
; c    ; 43    ; --  ; --   ; 8       ; yes    ; no           ; no                      ; no            ; no            ; TTL          ;
; d[1] ; 2     ; --  ; --   ; 1       ; no     ; no           ; no                      ; no            ; no            ; TTL          ;
; d[2] ; 44    ; --  ; --   ; 1       ; no     ; no           ; no                      ; no            ; no            ; TTL          ;
; d[3] ; 42    ; --  ; --   ; 1       ; no     ; no           ; no                      ; no            ; no            ; TTL          ;
; d[4] ; 1     ; --  ; --   ; 1       ; no     ; no           ; no                      ; no            ; no            ; TTL          ;
; d[5] ; 60    ;  C  ; --   ; 1       ; no     ; no           ; no                      ; no            ; no            ; TTL          ;
; d[6] ; 18    ;  A  ; --   ; 1       ; no     ; no           ; no                      ; no            ; no            ; TTL          ;
; d[7] ; 23    ;  B  ; --   ; 1       ; no     ; no           ; no                      ; no            ; no            ; TTL          ;
+------+-------+-----+------+---------+--------+--------------+-------------------------+---------------+---------------+--------------+


+----------------------------------------------------------------------------------------------------------------------------------------------------------------------------------+
; Output Pins                                                                                                                                                                      ;
+------+-------+-----+------+--------------+--------------------------+---------------+----------------+---------------+---------------+------------+---------------+--------------+
; Name ; Pin # ; Row ; Col. ; I/O Register ; Use Local Routing Output ; Power Up High ; Slow Slew Rate ; Single-Pin OE ; Single-Pin CE ; Open Drain ; TRI Primitive ; I/O Standard ;
+------+-------+-----+------+--------------+--------------------------+---------------+----------------+---------------+---------------+------------+---------------+--------------+
; q[0] ; 73    ;  A  ; --   ; no           ; no                       ; no            ; no             ; no            ; no            ; no         ; no            ; TTL          ;
; q[1] ; 62    ;  C  ; --   ; no           ; no                       ; no            ; no             ; no            ; no            ; no         ; no            ; TTL          ;
; q[2] ; 71    ;  A  ; --   ; no           ; no                       ; no            ; no             ; no            ; no            ; no         ; no            ; TTL          ;
; q[3] ; 28    ;  C  ; --   ; no           ; no                       ; no            ; no             ; no            ; no            ; no         ; no            ; TTL          ;
; q[4] ; 16    ;  A  ; --   ; no           ; no                       ; no            ; no             ; no            ; no            ; no         ; no            ; TTL          ;
; q[5] ; 27    ;  C  ; --   ; no           ; no                       ; no            ; no             ; no            ; no            ; no         ; no            ; TTL          ;
; q[6] ; 72    ;  A  ; --   ; no           ; no                       ; no            ; no             ; no            ; no            ; no         ; no            ; TTL          ;
; q[7] ; 64    ;  B  ; --   ; no           ; no                       ; no            ; no             ; no            ; no            ; no         ; no            ; TTL          ;
+------+-------+-----+------+--------------+--------------------------+---------------+----------------+---------------+---------------+------------+---------------+--------------+


+-----------------------------------+
; All Package Pins                  ;
+-------+------------+--------------+
; Pin # ; Usage      ; I/O Standard ;
+-------+------------+--------------+
; 1     ; d[4]       ; TTL          ;
; 2     ; d[1]       ; TTL          ;
; 3     ; GND*       ;              ;
; 4     ; VCC_INT    ;              ;
; 5     ; GND*       ;              ;
; 6     ; GND*       ;              ;
; 7     ; GND*       ;              ;
; 8     ; GND*       ;              ;
; 9     ; GND*       ;              ;
; 10    ; GND*       ;              ;
; 11    ; GND*       ;              ;
; 12    ; ^DATA0     ;              ;
; 13    ; ^DCLK      ;              ;
; 14    ; ^nCE       ;              ;
; 15    ; #TDI       ;              ;
; 16    ; q[4]       ; TTL          ;
; 17    ; GND*       ;              ;
; 18    ; d[6]       ; TTL          ;
; 19    ; GND*       ;              ;
; 20    ; VCC_INT    ;              ;
; 21    ; GND*       ;              ;
; 22    ; GND*       ;              ;
; 23    ; d[7]       ; TTL          ;
; 24    ; GND*       ;              ;
; 25    ; GND*       ;              ;
; 26    ; GND_INT    ;              ;
; 27    ; q[5]       ; TTL          ;
; 28    ; q[3]       ; TTL          ;
; 29    ; GND*       ;              ;
; 30    ; GND*       ;              ;
; 31    ; ^MSEL0     ;              ;
; 32    ; ^MSEL1     ;              ;
; 33    ; VCC_INT    ;              ;
; 34    ; ^nCONFIG   ;              ;
; 35    ; GND*       ;              ;
; 36    ; GND*       ;              ;
; 37    ; GND*       ;              ;
; 38    ; GND*       ;              ;
; 39    ; GND*       ;              ;
; 40    ; VCC_INT    ;              ;
; 41    ; GND_INT    ;              ;
; 42    ; d[3]       ; TTL          ;
; 43    ; c          ; TTL          ;
; 44    ; d[2]       ; TTL          ;
; 45    ; VCC_INT    ;              ;
; 46    ; GND_INT    ;              ;
; 47    ; GND*       ;              ;
; 48    ; GND*       ;              ;
; 49    ; GND*       ;              ;
; 50    ; GND*       ;              ;
; 51    ; GND*       ;              ;
; 52    ; GND*       ;              ;
; 53    ; GND*       ;              ;
; 54    ; GND*       ;              ;
; 55    ; ^nSTATUS   ;              ;
; 56    ; #TRST      ;              ;
; 57    ; #TMS       ;              ;
; 58    ; GND*       ;              ;
; 59    ; GND*       ;              ;
; 60    ; d[5]       ; TTL          ;
; 61    ; GND*       ;              ;
; 62    ; q[1]       ; TTL          ;
; 63    ; VCC_INT    ;              ;
; 64    ; q[7]       ; TTL          ;
; 65    ; GND*       ;              ;
; 66    ; GND*       ;              ;
; 67    ; GND*       ;              ;
; 68    ; GND_INT    ;              ;
; 69    ; GND*       ;              ;
; 70    ; GND*       ;              ;
; 71    ; q[2]       ; TTL          ;
; 72    ; q[6]       ; TTL          ;
; 73    ; q[0]       ; TTL          ;
; 74    ; #TDO       ;              ;
; 75    ; ^nCEO      ;              ;
; 76    ; ^CONF_DONE ;              ;
; 77    ; #TCK       ;              ;
; 78    ; GND*       ;              ;
; 79    ; GND*       ;              ;
; 80    ; GND*       ;              ;
; 81    ; GND*       ;              ;
; 82    ; GND_INT    ;              ;
; 83    ; GND*       ;              ;
; 84    ; d[0]       ; TTL          ;
+-------+------------+--------------+


+-----------------------------------------------+
; Control Signals                               ;
+------+-------+---------+-------+--------------+
; Name ; Pin # ; Fan-Out ; Usage ; Global Usage ;
+------+-------+---------+-------+--------------+
; c    ; 43    ; 8       ; Clock ; Pin          ;
+------+-------+---------+-------+--------------+


+---------------------------------+
; Global & Other Fast Signals     ;
+------+-------+---------+--------+
; Name ; Pin # ; Fan-Out ; Global ;
+------+-------+---------+--------+
; d[0] ; 84    ; 1       ; no     ;
; c    ; 43    ; 8       ; yes    ;
; d[1] ; 2     ; 1       ; no     ;
; d[2] ; 44    ; 1       ; no     ;
; d[3] ; 42    ; 1       ; no     ;
; d[4] ; 1     ; 1       ; no     ;
+------+-------+---------+--------+


+---------------------------------+
; Non-Global High Fan-Out Signals ;
+---------+-----------------------+
; Name    ; Fan-Out               ;
+---------+-----------------------+
; q[0]~8  ; 1                     ;
; q[2]~10 ; 1                     ;
; q[6]~14 ; 1                     ;
; d[6]    ; 1                     ;
; d[5]    ; 1                     ;
; d[7]    ; 1                     ;
; d[4]    ; 1                     ;
; d[3]    ; 1                     ;
; d[2]    ; 1                     ;
; d[1]    ; 1                     ;
; d[0]    ; 1                     ;
; q[5]~13 ; 1                     ;
; q[7]~15 ; 1                     ;
; q[4]~12 ; 1                     ;
; q[1]~9  ; 1                     ;
; q[3]~11 ; 1                     ;
+---------+-----------------------+


+-------------------------------------------+
; LAB                                       ;
+--------------------------+----------------+
; Number of Logic Elements ; Number of LABs ;
+--------------------------+----------------+
; 0                        ; 64             ;
; 1                        ; 8              ;
+--------------------------+----------------+


+---------------------------------------------+
; LAB External Interconnect                   ;
+----------------------------+----------------+
; LAB External Interconnects ; Number of LABs ;
+----------------------------+----------------+
; 0                          ; 64             ;
; 1                          ; 8              ;
+----------------------------+----------------+


+----------------------------------------------------------------------------------------+
; Row Interconnect                                                                       ;
+-------+-------------------+-----------------------------+------------------------------+
; Row   ; Interconnect Used ; Left Half Interconnect Used ; Right Half Interconnect Used ;
+-------+-------------------+-----------------------------+------------------------------+
;  A    ;  1 / 96 ( 1 % )   ;  1 / 48 ( 2 % )             ;  3 / 48 ( 6 % )              ;
;  B    ;  2 / 96 ( 2 % )   ;  0 / 48 ( 0 % )             ;  0 / 48 ( 0 % )              ;
;  C    ;  2 / 96 ( 2 % )   ;  1 / 48 ( 2 % )             ;  1 / 48 ( 2 % )              ;
; Total ;  5 / 288 ( 2 % )  ;  2 / 144 ( 1 % )            ;  4 / 144 ( 3 % )             ;
+-------+-------------------+-----------------------------+------------------------------+


+---------------------------+
; LAB Column Interconnect   ;
+-------+-------------------+
; Col.  ; Interconnect Used ;
+-------+-------------------+
; 1     ;  0 / 24 ( 0 % )   ;
; 2     ;  0 / 24 ( 0 % )   ;
; 3     ;  0 / 24 ( 0 % )   ;
; 4     ;  0 / 24 ( 0 % )   ;
; 5     ;  0 / 24 ( 0 % )   ;
; 6     ;  0 / 24 ( 0 % )   ;
; 7     ;  0 / 24 ( 0 % )   ;
; 8     ;  0 / 24 ( 0 % )   ;
; 9     ;  0 / 24 ( 0 % )   ;
; 10    ;  0 / 24 ( 0 % )   ;
; 11    ;  0 / 24 ( 0 % )   ;
; 12    ;  0 / 24 ( 0 % )   ;
; 13    ;  0 / 24 ( 0 % )   ;
; 14    ;  0 / 24 ( 0 % )   ;
; 15    ;  0 / 24 ( 0 % )   ;
; 16    ;  0 / 24 ( 0 % )   ;
; 17    ;  0 / 24 ( 0 % )   ;
; 18    ;  0 / 24 ( 0 % )   ;
; 19    ;  0 / 24 ( 0 % )   ;
; 20    ;  0 / 24 ( 0 % )   ;
; 21    ;  0 / 24 ( 0 % )   ;
; 22    ;  0 / 24 ( 0 % )   ;
; 23    ;  0 / 24 ( 0 % )   ;
; 24    ;  0 / 24 ( 0 % )   ;
; Total ;  0 / 576 ( 0 % )  ;
+-------+-------------------+


+---------------------------+
; LAB Column Interconnect   ;
+-------+-------------------+
; Col.  ; Interconnect Used ;
+-------+-------------------+
; 1     ;  0 / 24 ( 0 % )   ;
; Total ;  0 / 24 ( 0 % )   ;
+-------+-------------------+


+-------------------------------------------------------+
; Fitter Resource Usage Summary                         ;
+-----------------------------------+-------------------+
; Resource                          ; Usage             ;
+-----------------------------------+-------------------+
; Total logic elements              ; 8 / 576 ( 1 % )   ;
; Registers                         ; 8 / 576 ( 1 % )   ;
; Logic elements in carry chains    ; 0                 ;
; User inserted logic elements      ; 0                 ;
; I/O pins                          ; 17 / 59 ( 29 % )  ;
;     -- Clock pins                 ; 2                 ;
;     -- Dedicated input pins       ; 7 / 4 ( 175 % )   ;
; Global signals                    ; 1                 ;
; EABs                              ; 0 / 3 ( 0 % )     ;
; Total memory bits                 ; 0 / 6,144 ( 0 % ) ;
; Total RAM block bits              ; 0 / 6,144 ( 0 % ) ;
; Maximum fan-out node              ; c                 ;
; Maximum fan-out                   ; 8                 ;
; Highest non-global fan-out signal ; q[0]~reg0         ;
; Highest non-global fan-out        ; 1                 ;
; Total fan-out                     ; 24                ;
; Average fan-out                   ; 0.96              ;
+-----------------------------------+-------------------+


+--------------------------------------------------------------------------------------------------------------------------------------------------------------------------------------------------------+
; Fitter Resource Utilization by Entity                                                                                                                                                                  ;
+----------------------------+-------------+--------------+-------------+------+--------------+-------------------+------------------+-----------------+------------+---------------------+--------------+
; Compilation Hierarchy Node ; Logic Cells ; LC Registers ; Memory Bits ; Pins ; LUT-Only LCs ; Register-Only LCs ; LUT/Register LCs ; Carry Chain LCs ; Packed LCs ; Full Hierarchy Name ; Library Name ;
+----------------------------+-------------+--------------+-------------+------+--------------+-------------------+------------------+-----------------+------------+---------------------+--------------+
; |reg_8_bit                 ; 8 (8)       ; 8            ; 0           ; 17   ; 0 (0)        ; 8 (8)             ; 0 (0)            ; 0 (0)           ; 0 (0)      ; |reg_8_bit          ; work         ;
+----------------------------+-------------+--------------+-------------+------+--------------+-------------------+------------------+-----------------+------------+---------------------+--------------+
Note: For table entries with two numbers listed, the numbers in parentheses indicate the number of resources of the given type used by the specific entity alone. The numbers listed outside of parentheses indicate the total resources of the given type used by the specific entity and all of its sub-entities in the hierarchy.


+-------------------------------+
; Delay Chain Summary           ;
+------+----------+-------------+
; Name ; Pin Type ; Pad to Core ;
+------+----------+-------------+
; d[0] ; Input    ; OFF         ;
; c    ; Input    ; OFF         ;
; d[1] ; Input    ; OFF         ;
; d[2] ; Input    ; OFF         ;
; d[3] ; Input    ; OFF         ;
; d[4] ; Input    ; OFF         ;
; d[5] ; Input    ; OFF         ;
; d[6] ; Input    ; OFF         ;
; d[7] ; Input    ; OFF         ;
; q[0] ; Output   ; OFF         ;
; q[1] ; Output   ; OFF         ;
; q[2] ; Output   ; OFF         ;
; q[3] ; Output   ; OFF         ;
; q[4] ; Output   ; OFF         ;
; q[5] ; Output   ; OFF         ;
; q[6] ; Output   ; OFF         ;
; q[7] ; Output   ; OFF         ;
+------+----------+-------------+


+--------------+
; Pin-Out File ;
+--------------+
The pin-out file can be found in C:/Institute workspace/Important_Marks/4-й курс/Схемотехника/Курсовая/Project_Vitya/Block_RON/reg_8_bit/reg_8_bit.pin.


+-----------------+
; Fitter Messages ;
+-----------------+
Info: *******************************************************************
Info: Running Quartus II Fitter
    Info: Version 8.1 Build 163 10/28/2008 SJ Web Edition
    Info: Processing started: Sun Oct 20 23:57:20 2019
Info: Command: quartus_fit --read_settings_files=off --write_settings_files=off reg_8_bit -c reg_8_bit
Info: Automatically selected device EPF10K10LC84-3 for design reg_8_bit
Warning: Feature SignalProbe is not available with your current license
Info: Fitter is using the Classic Timing Analyzer
Info: Timing requirements not specified -- optimizing circuit to achieve the following default global requirements
    Info: Assuming a global fmax requirement of 1000 MHz
    Info: Not setting a global tsu requirement
    Info: Not setting a global tco requirement
    Info: Not setting a global tpd requirement
Info: Inserted 0 logic cells in first fitting attempt
Info: Started fitting attempt 1 on Sun Oct 20 2019 at 23:57:20
Info: Fitter placement preparation operations beginning
Info: Fitter placement preparation operations ending: elapsed time is 00:00:00
Info: Fitter placement operations beginning
Info: Fitter placement operations ending: elapsed time is 00:00:00
Info: Fitter routing operations beginning
Info: Fitter routing operations ending: elapsed time is 00:00:00
Info: Quartus II Fitter was successful. 0 errors, 1 warning
    Info: Peak virtual memory: 231 megabytes
    Info: Processing ended: Sun Oct 20 23:57:20 2019
    Info: Elapsed time: 00:00:00
    Info: Total CPU time (on all processors): 00:00:00


